C51 COMPILER V9.60.7.0   MAIN                                                              05/06/2025 20:23:37 PAGE 1   


C51 COMPILER V9.60.7.0, COMPILATION OF MODULE MAIN
OBJECT MODULE PLACED IN .\Objects\main.obj
COMPILER INVOKED BY: D:\keil5\C51\BIN\C51.EXE main.c OPTIMIZE(8,SPEED) BROWSE DEBUG OBJECTEXTEND PRINT(.\Listings\main.l
                    -st) OBJECT(.\Objects\main.obj)

line level    source

   1          #include <REGX52.H>
   2          #include <intrins.h>
   3          
   4          
   5          unsigned char tube[20]={0x00,0x3f,0x06,0x5b,0x4f,0x66,0x6d,0x7d,0x07,0x7f,0x6f};
   6          void Delay500ms(void)   //@12.000MHz
   7          {
   8   1              unsigned char data i, j, k;
   9   1      
  10   1              _nop_();
  11   1              i = 4;
  12   1              j = 205;
  13   1              k = 187;
  14   1              do
  15   1              {
  16   2                      do
  17   2                      {
  18   3                              while (--k);
  19   3                      } while (--j);
  20   2              } while (--i);
  21   1      }
  22          
  23          
  24          int main()
  25          {
  26   1              while(1)
  27   1              {
  28   2                      int i=0;
  29   2                      for(i=0;i<8;i++)
  30   2                      {
  31   3                              P1=~(0x01<<i);
  32   3                              P0=~tube[i+2];
  33   3                              Delay500ms();
  34   3                      }
  35   2              }
  36   1      }


MODULE INFORMATION:   STATIC OVERLAYABLE
   CODE SIZE        =     71    ----
   CONSTANT SIZE    =   ----    ----
   XDATA SIZE       =   ----    ----
   PDATA SIZE       =   ----    ----
   DATA SIZE        =     20       2
   IDATA SIZE       =   ----    ----
   BIT SIZE         =   ----    ----
END OF MODULE INFORMATION.


C51 COMPILATION COMPLETE.  0 WARNING(S),  0 ERROR(S)
